// Jest Snapshot v1, https://goo.gl/fbAQLP

exports[`generate.ts generates the correct changelog 1`] = `
{
  "body": "## ðŸš€ New Features
* add issuesUrl to configuration

## ðŸ’Š Bugfixes
* fix eslint rules and formatting

## ðŸ§¹ Chore
* fix formatting with prettier
* update usage documentation",
  "bump": "minor",
}
`;
